// Jest Snapshot

exports[`should replace nothing`] = `
"var foo = 1;
if (foo) console.log(foo);
const hello = \\"hello\\";

const myFunc = function (param = \\"hello\\") {
  return 1;
};"
`;

exports[`should replace foo with moo`] = `
"var moo = 1;
if (moo) console.log(foo);
const hello = \\"hello\\";

const myFunc = function (param = \\"hello\\") {
  return 1;
};"
`;
